// Jest Snapshot v1, https://goo.gl/fbAQLP

exports[`Render should render component 1`] = `
<li
  className="alert-rule-item"
>
  <Icon
    className="alert-rule-item__icon state class"
    name="icon"
    size="xl"
  />
  <div
    className="alert-rule-item__body"
  >
    <div
      className="alert-rule-item__header"
    >
      <div
        className="alert-rule-item__name"
      >
        <a
          href="https://something.something.darkside?editPanel=1&tab=alert"
        >
          <Highlighter
            highlightClassName="highlight-search-match"
            searchWords={
              Array [
                "",
              ]
            }
            textToHighlight="Some rule"
          />
        </a>
      </div>
      <div
        className="alert-rule-item__text"
      >
        <span
          className="state class"
        >
          <Highlighter
            highlightClassName="highlight-search-match"
            searchWords={
              Array [
                "",
              ]
            }
            textToHighlight="state text"
          />
        </span>
        <span
          className="alert-rule-item__time"
        >
           for 
          age
        </span>
      </div>
    </div>
  </div>
  <div
    className="alert-rule-item__actions"
  >
    <button
      className="btn btn-small btn-inverse alert-list__btn width-2"
      onClick={[MockFunction]}
      title="Pausing an alert rule prevents it from executing"
    >
      <Icon
        name="pause"
      />
    </button>
    <a
      className="btn btn-small btn-inverse alert-list__btn width-2"
      href="https://something.something.darkside?editPanel=1&tab=alert"
      title="Edit alert rule"
    >
      <Icon
        name="cog"
      />
    </a>
  </div>
</li>
`;
