// Jest Snapshot v1, https://goo.gl/fbAQLP

exports[`Render should render component 1`] = `
<div
  className="panel-container add-panel-widget-container"
>
  <div
    className="add-panel-widget"
  >
    <div
      className="add-panel-widget__header grid-drag-handle"
    >
      <Icon
        name="panel-add"
        size="xl"
        style={
          Object {
            "margin": "4px",
            "marginRight": "8px",
          }
        }
        type="mono"
      />
      <span
        className="add-panel-widget__title"
      >
        New Panel
      </span>
      <div
        className="flex-grow-1"
      />
      <IconButton
        className="add-panel-widget__close"
        name="times"
        onClick={[Function]}
        surface="header"
      />
    </div>
    <div
      className="add-panel-widget__btn-container"
    >
      <div
        className="add-panel-widget__create"
      >
        <div>
          <a
            aria-label="Add Panel Widget CTA Button Add Query"
            className="add-panel-widget__link btn btn-inverse"
            href="#"
            onClick={[Function]}
          >
            <div
              className="add-panel-widget__icon"
            >
              <Icon
                name="database"
                size="xl"
              />
            </div>
            <span>
              Add Query
            </span>
          </a>
        </div>
        <div>
          <a
            aria-label="Add Panel Widget CTA Button Choose Visualization"
            className="add-panel-widget__link btn btn-inverse"
            href="#"
            onClick={[Function]}
          >
            <div
              className="add-panel-widget__icon"
            >
              <Icon
                name="chart-line"
                size="xl"
              />
            </div>
            <span>
              Choose Visualization
            </span>
          </a>
        </div>
      </div>
      <div
        className="add-panel-widget__actions"
      >
        <button
          className="btn btn-inverse add-panel-widget__action"
          onClick={[Function]}
        >
          Convert to row
        </button>
      </div>
    </div>
  </div>
</div>
`;
